// Jest Snapshot v1, https://goo.gl/fbAQLP

exports[`Testing the profile should match snapshot 1`] = `<ProfileMock />`;
